<html>
<body>
<pre>
<h1>µVision Build Log</h1>
<h2>Tool Versions:</h2>
IDE-Version: µVision V5.26.2.0
Copyright (C) 2018 ARM Ltd and ARM Germany GmbH. All rights reserved.
License Information: Swanand Sapre, Student, LIC=----
 
Tool Versions:
Toolchain:       MDK-Lite  Version: 5.26.2.0
Toolchain Path:  C:\Keil_v5\ARM\ARMCC\Bin
C Compiler:      Armcc.exe V5.06 update 6 (build 750)
Assembler:       Armasm.exe V5.06 update 6 (build 750)
Linker/Locator:  ArmLink.exe V5.06 update 6 (build 750)
Library Manager: ArmAr.exe V5.06 update 6 (build 750)
Hex Converter:   FromElf.exe V5.06 update 6 (build 750)
CPU DLL:         SARMCM3.DLL V5.26.2.0
Dialog DLL:      DCM.DLL V1.17.2.0
Target DLL:      STLink\ST-LINKIII-KEIL_SWO.dll V3.0.5.0
Dialog DLL:      TCM.DLL V1.36.1.0
 
<h2>Project:</h2>
T:\Project_Bootloader\Nucleo-STM32F446\bootloader\MDK-ARM\bootloader.uvprojx
Project File Date:  02/07/2019

<h2>Output:</h2>
*** Using Compiler 'V5.06 update 6 (build 750)', folder: 'C:\Keil_v5\ARM\ARMCC\Bin'
Build target 'bootloader'
compiling main.c...
../Inc/main.h(82): warning:  #1295-D: Deprecated declaration getHelpHandler - give arg types
  void getHelpHandler();
../Inc/main.h(83): warning:  #1295-D: Deprecated declaration getCidHandler - give arg types
  void getCidHandler();
../Inc/main.h(84): warning:  #1295-D: Deprecated declaration getrdpHandler - give arg types
  void getrdpHandler();
../Inc/main.h(86): warning:  #1295-D: Deprecated declaration goToAddrHandler - give arg types
  void goToAddrHandler();
../Inc/main.h(87): warning:  #1295-D: Deprecated declaration flashEraseHandler - give arg types
  void flashEraseHandler();
../Inc/main.h(88): warning:  #1295-D: Deprecated declaration memWrite - give arg types
  void memWrite();
../Inc/main.h(89): warning:  #1295-D: Deprecated declaration enRWProtectHandler - give arg types
  void enRWProtectHandler();
../Inc/main.h(90): warning:  #1295-D: Deprecated declaration memReadHandler - give arg types
  void memReadHandler();
../Inc/main.h(91): warning:  #1295-D: Deprecated declaration rdSectorProtectStatusHandler - give arg types
  void rdSectorProtectStatusHandler();
../Inc/main.h(92): warning:  #1295-D: Deprecated declaration rdOTPHandler - give arg types
  void rdOTPHandler();
../Inc/main.h(93): warning:  #1295-D: Deprecated declaration disRWProtectHandler - give arg types
  void disRWProtectHandler();
../Src/main.c(164): warning:  #513-D: a value of type "void *" cannot be assigned to an entity of type "void (*)(void)"
  	app_reset_handler = (void *)resetHandler;
../Src/main.c: 12 warnings, 0 errors
linking...
Program Size: Code=8304 RO-data=508 RW-data=24 ZI-data=1288  
FromELF: creating hex file...
"bootloader\bootloader.axf" - 0 Error(s), 12 Warning(s).

<h2>Software Packages used:</h2>

Package Vendor: ARM
                http://www.keil.com/pack/ARM.CMSIS.5.4.0.pack
                ARM.CMSIS.5.4.0
                CMSIS (Cortex Microcontroller Software Interface Standard)
   * Component: CORE Version: 5.1.2

Package Vendor: Keil
                http://www.keil.com/pack/Keil.STM32F4xx_DFP.2.13.0.pack
                Keil.STM32F4xx_DFP.2.13.0
                STMicroelectronics STM32F4 Series Device Support, Drivers and Examples

<h2>Collection of Component include folders:</h2>
  .\RTE\_bootloader
  C:\Keil_v5\ARM\PACK\ARM\CMSIS\5.4.0\CMSIS\Core\Include
  C:\Keil_v5\ARM\PACK\Keil\STM32F4xx_DFP\2.13.0\Drivers\CMSIS\Device\ST\STM32F4xx\Include

<h2>Collection of Component Files used:</h2>

   * Component: ARM::CMSIS:CORE:5.1.2
Build Time Elapsed:  00:00:03
</pre>
</body>
</html>
